// Jest Snapshot v1, https://goo.gl/fbAQLP

exports[`<GMap /> Should Match Snapshot 1`] = `
<div>
  <div
    id="mnml-gmap"
  />
</div>
`;
